// Jest Snapshot v1, https://goo.gl/fbAQLP

exports[`ModalCreateChat Should match snapshot 1`] = `"<div class=\\"new-chat\\"><div class=\\"new-chat__avatar\\"><img class=\\"rooms-header__avatar\\" src=\\"/assets/images/1-36-1024x1024.jpg\\"/></div><label class=\\"inputs__label \\">roomName<input type=\\"text\\" title=\\"roomNamePlaceholder\\" placeholder=\\"roomNamePlaceholder\\" class=\\"inputs__input undefined\\"/></label><div class=\\"new-chat__users\\"><div class=\\"new-chat__usersLabel\\">Who do you want to add</div><select class=\\"new-chat__select\\" multiple=\\"\\"></select></div><div class=\\"button-box\\"><button class=\\"button\\">Create</button><button class=\\"button\\">Cancel</button></div></div>"`;
