// Jest Snapshot v1, https://goo.gl/fbAQLP

exports[`SingleRoom Should match snapshot 1`] = `"<div class=\\"singleroom\\"><div class=\\"singleroom__info\\"><img class=\\"singleroom__avatar\\" src=\\"/assets/images/1-36-1024x1024.jpg\\"/><div class=\\"singleroom__roomName\\">global</div></div><div class=\\"singleroom__messages\\"></div></div>"`;
